// Jest Snapshot v1, https://goo.gl/fbAQLP

exports[`App should render posts when page loads. 1`] = `
Array [
  <h3>
    title test 1
  </h3>,
  <h3>
    title test 2
  </h3>,
]
`;
